// Jest Snapshot v1, https://goo.gl/fbAQLP

exports[`Test API Routes unit Check if structure keeps equal 1`] = `
Object {
  "allMessagesFromDate": "/messages?createdAt_gte=undefined",
  "createMessage": "/messages",
}
`;
